../Drivers/STM32F0xx_HAL_Driver/Src/stm32f0xx_hal_rtc_ex.c:159:19:HAL_RTCEx_SetTimeStamp	8	static
../Drivers/STM32F0xx_HAL_Driver/Src/stm32f0xx_hal_rtc_ex.c:229:19:HAL_RTCEx_SetTimeStamp_IT	8	static
../Drivers/STM32F0xx_HAL_Driver/Src/stm32f0xx_hal_rtc_ex.c:293:19:HAL_RTCEx_DeactivateTimeStamp	0	static
../Drivers/STM32F0xx_HAL_Driver/Src/stm32f0xx_hal_rtc_ex.c:337:19:HAL_RTCEx_GetTimeStamp	32	static
../Drivers/STM32F0xx_HAL_Driver/Src/stm32f0xx_hal_rtc_ex.c:390:19:HAL_RTCEx_SetTamper	16	static
../Drivers/STM32F0xx_HAL_Driver/Src/stm32f0xx_hal_rtc_ex.c:464:19:HAL_RTCEx_SetTamper_IT	16	static
../Drivers/STM32F0xx_HAL_Driver/Src/stm32f0xx_hal_rtc_ex.c:548:19:HAL_RTCEx_DeactivateTamper	8	static
../Drivers/STM32F0xx_HAL_Driver/Src/stm32f0xx_hal_rtc_ex.c:664:13:HAL_RTCEx_TimeStampEventCallback	0	static
../Drivers/STM32F0xx_HAL_Driver/Src/stm32f0xx_hal_rtc_ex.c:680:13:HAL_RTCEx_Tamper1EventCallback	0	static
../Drivers/STM32F0xx_HAL_Driver/Src/stm32f0xx_hal_rtc_ex.c:696:13:HAL_RTCEx_Tamper2EventCallback	0	static
../Drivers/STM32F0xx_HAL_Driver/Src/stm32f0xx_hal_rtc_ex.c:713:13:HAL_RTCEx_Tamper3EventCallback	0	static
../Drivers/STM32F0xx_HAL_Driver/Src/stm32f0xx_hal_rtc_ex.c:574:6:HAL_RTCEx_TamperTimeStampIRQHandler	8	static
../Drivers/STM32F0xx_HAL_Driver/Src/stm32f0xx_hal_rtc_ex.c:731:19:HAL_RTCEx_PollForTimeStampEvent	24	static
../Drivers/STM32F0xx_HAL_Driver/Src/stm32f0xx_hal_rtc_ex.c:774:19:HAL_RTCEx_PollForTamper1Event	24	static
../Drivers/STM32F0xx_HAL_Driver/Src/stm32f0xx_hal_rtc_ex.c:810:19:HAL_RTCEx_PollForTamper2Event	24	static
../Drivers/STM32F0xx_HAL_Driver/Src/stm32f0xx_hal_rtc_ex.c:847:19:HAL_RTCEx_PollForTamper3Event	24	static
../Drivers/STM32F0xx_HAL_Driver/Src/stm32f0xx_hal_rtc_ex.c:901:19:HAL_RTCEx_SetWakeUpTimer	40	static
../Drivers/STM32F0xx_HAL_Driver/Src/stm32f0xx_hal_rtc_ex.c:997:19:HAL_RTCEx_SetWakeUpTimer_IT	24	static
../Drivers/STM32F0xx_HAL_Driver/Src/stm32f0xx_hal_rtc_ex.c:1098:19:HAL_RTCEx_DeactivateWakeUpTimer	32	static
../Drivers/STM32F0xx_HAL_Driver/Src/stm32f0xx_hal_rtc_ex.c:1153:10:HAL_RTCEx_GetWakeUpTimer	0	static
../Drivers/STM32F0xx_HAL_Driver/Src/stm32f0xx_hal_rtc_ex.c:1198:13:HAL_RTCEx_WakeUpTimerEventCallback	0	static
../Drivers/STM32F0xx_HAL_Driver/Src/stm32f0xx_hal_rtc_ex.c:1165:6:HAL_RTCEx_WakeUpTimerIRQHandler	8	static
../Drivers/STM32F0xx_HAL_Driver/Src/stm32f0xx_hal_rtc_ex.c:1215:19:HAL_RTCEx_PollForWakeUpTimerEvent	24	static
../Drivers/STM32F0xx_HAL_Driver/Src/stm32f0xx_hal_rtc_ex.c:1283:6:HAL_RTCEx_BKUPWrite	0	static
../Drivers/STM32F0xx_HAL_Driver/Src/stm32f0xx_hal_rtc_ex.c:1306:10:HAL_RTCEx_BKUPRead	0	static
../Drivers/STM32F0xx_HAL_Driver/Src/stm32f0xx_hal_rtc_ex.c:1341:19:HAL_RTCEx_SetSmoothCalib	40	static
../Drivers/STM32F0xx_HAL_Driver/Src/stm32f0xx_hal_rtc_ex.c:1413:19:HAL_RTCEx_SetSynchroShift	32	static
../Drivers/STM32F0xx_HAL_Driver/Src/stm32f0xx_hal_rtc_ex.c:1508:19:HAL_RTCEx_SetCalibrationOutPut	8	static
../Drivers/STM32F0xx_HAL_Driver/Src/stm32f0xx_hal_rtc_ex.c:1547:19:HAL_RTCEx_DeactivateCalibrationOutPut	0	static
../Drivers/STM32F0xx_HAL_Driver/Src/stm32f0xx_hal_rtc_ex.c:1577:19:HAL_RTCEx_SetRefClock	16	static
../Drivers/STM32F0xx_HAL_Driver/Src/stm32f0xx_hal_rtc_ex.c:1621:19:HAL_RTCEx_DeactivateRefClock	16	static
../Drivers/STM32F0xx_HAL_Driver/Src/stm32f0xx_hal_rtc_ex.c:1667:19:HAL_RTCEx_EnableBypassShadow	0	static
../Drivers/STM32F0xx_HAL_Driver/Src/stm32f0xx_hal_rtc_ex.c:1700:19:HAL_RTCEx_DisableBypassShadow	0	static
