../Core/Src/stm32f0xx_hal_msp.c:66:6:HAL_MspInit	8	static
../Core/Src/stm32f0xx_hal_msp.c:88:6:HAL_RTC_MspInit	8	static
../Core/Src/stm32f0xx_hal_msp.c:113:6:HAL_RTC_MspDeInit	8	static
../Core/Src/stm32f0xx_hal_msp.c:138:6:HAL_TIM_PWM_MspInit	8	static
../Core/Src/stm32f0xx_hal_msp.c:154:6:HAL_TIM_MspPostInit	32	static
../Core/Src/stm32f0xx_hal_msp.c:186:6:HAL_TIM_PWM_MspDeInit	0	static
../Core/Src/stm32f0xx_hal_msp.c:208:6:HAL_UART_MspInit	40	static
../Core/Src/stm32f0xx_hal_msp.c:244:6:HAL_UART_MspDeInit	8	static
